python : 2026-01-25 21:22:34,936 - INFO - [Session] Setting SESSION_COOKIE_SECURE to False (HTTPS: http, 
X-Forwarded-Proto: None)
At line:1 char:1
+ python tests/test_draft.py > test_output.txt 2>&1
+ ~~~~~~~~~~~~~~~~~~~~~~~~~~~~~~~~~~~~~~~~~~~~~~~~~
    + CategoryInfo          : NotSpecified: (2026-01-25 21:2...ed-Proto: None):String) [], RemoteException
    + FullyQualifiedErrorId : NativeCommandError
 
2026-01-25 21:22:34,936 - INFO - 127.0.0.1 POST /team/create
2026-01-25 21:22:34,936 - INFO - [Session] Setting SESSION_COOKIE_SECURE to False (HTTPS: http, X-Forwarded-Proto: 
None)
2026-01-25 21:22:34,936 - INFO - 127.0.0.1 GET /login
Validating pitch scoring matrices:
  Green: 1.000 [OK]
  Dry: 1.000 [OK]
  Hard: 1.000 [OK]
  Flat: 1.000 [OK]
  Dead: 1.000 [OK]
Response Status: 200
FD:\SimCricketX\app.py:282: ResourceWarning: unclosed file <_io.TextIOWrapper 
name='D:\\SimCricketX\\logs\\execution.log' mode='a' encoding='utf-8'>
  for handler in logging.root.handlers[:]:
ResourceWarning: Enable tracemalloc to get the object allocation traceback
2026-01-25 21:22:35,001 - INFO - [Session] Setting SESSION_COOKIE_SECURE to False (HTTPS: http, X-Forwarded-Proto: 
None)
2026-01-25 21:22:35,001 - INFO - 127.0.0.1 POST /team/create
2026-01-25 21:22:35,001 - INFO - [Session] Setting SESSION_COOKIE_SECURE to False (HTTPS: http, X-Forwarded-Proto: 
None)
2026-01-25 21:22:35,001 - INFO - 127.0.0.1 GET /login
F2026-01-25 21:22:35,060 - INFO - [Session] Setting SESSION_COOKIE_SECURE to False (HTTPS: http, X-Forwarded-Proto: 
None)
2026-01-25 21:22:35,075 - INFO - 127.0.0.1 POST /team/create
2026-01-25 21:22:35,075 - INFO - [Session] Setting SESSION_COOKIE_SECURE to False (HTTPS: http, X-Forwarded-Proto: 
None)
2026-01-25 21:22:35,075 - INFO - 127.0.0.1 GET /login
Response Data: b'<!DOCTYPE html>\n<html lang="en">\n\n<head>\n    <script>\n        // Login page has independent theme system - don\'t inherit from localStorage\n    </script>\n\n    <meta charset="UTF-8">\n    <title>SimCricketX - Login</title>\n    <meta name="viewport" content="width=device-width, initial-scale=1">\n\n    <!-- Modern CSS Reset -->\n    <link rel="stylesheet" href="https://unpkg.com/modern-css-reset/dist/reset.min.css" />\n\n    <!-- Font Awesome for Icons -->\n    <link rel="stylesheet" href="https://cdnjs.cloudflare.com/ajax/libs/font-awesome/6.5.2/css/all.min.css">\n\n    <!-- Google Fonts -->\n    <link\n        href="https://fonts.googleapis.com/css2?family=Inter:wght@300;400;500;600;700&family=JetBrains+Mono:wght@400;500&display=swap"\n        rel="stylesheet">\n\n    <style>\n        :root {\n            /* Light Theme - Minimalistic (from layout.html) */\n            --bg: #ffffff;\n            --bg-secondary: #f8f9fa;\n            --fg: #1a1a1a;\n            --fg-secondary: #666666;\n            --card-bg: #ffffff;\n            --card-border: #e2e4e8;\n            --accent: #24292f;\n            /* Very dark grey almost black for minimal look */\n            --accent-hover: #000000;\n            --accent-light: #f3f4f6;\n            --shadow: rgba(0, 0, 0, 0.05);\n            --shadow-strong: 0 4px 12px rgba(0, 0, 0, 0.08);\n            /* Mapped to shadow-lg */\n            --nav-height: 64px;\n            --border-radius: 8px;\n            --transition: all 0.2s ease;\n            --gradient: linear-gradient(135deg, #24292f 0%, #4a5568 100%);\n\n            /* Status colors (kept from original login) */\n            --success: #10b981;\n            --warning: #f59e0b;\n            --danger: #ef4444;\n\n            /* Login specific mappings */\n            --bg-primary: var(--bg);\n            --bg-secondary: var(--bg-secondary);\n            --fg-primary: var(--fg);\n        }\n\n        [data-theme="dark"] {\n            /* Dark Theme - VS Code One Dark Pro */\n            --bg: #282c34;\n            --bg-secondary: #21252b;\n            --fg: #abb2bf;\n            --fg-secondary: #5c6370;\n            --card-bg: #21252b;\n            --card-border: #3e4451;\n            --accent: #61afef;\n            --accent-hover: #528bcc;\n            --accent-light: rgba(97, 175, 239, 0.15);\n            --shadow: rgba(0, 0, 0, 0.3);\n            --shadow-strong: 0 20px 40px rgba(0, 0, 0, 0.4), 0 0 60px rgba(97, 175, 239, 0.1);\n            --gradient: linear-gradient(135deg, #61afef 0%, #c678dd 100%);\n\n            /* One Dark Pro Extended Palette */\n            --one-dark-red: #e06c75;\n            --one-dark-green: #98c379;\n            --one-dark-yellow: #e5c07b;\n            --one-dark-blue: #61afef;\n            --one-dark-purple: #c678dd;\n            --one-dark-cyan: #56b6c2;\n            --one-dark-orange: #d19a66;\n        }\n\n        * {\n            box-sizing: border-box;\n        }\n\n        html,\n        body {\n            height: 100%;\n            overflow: hidden;\n        }\n\n        /* Animations from home.html */\n        @keyframes stadiumPulse {\n\n            0%,\n            100% {\n                opacity: 0.03;\n                transform: scale(1);\n            }\n\n            50% {\n                opacity: 0.06;\n                transform: scale(1.02);\n            }\n        }\n\n        @keyframes ballBounce {\n\n            0%,\n            100% {\n                transform: translateY(0) rotate(0deg);\n            }\n\n            25% {\n                transform: translateY(-20px) rotate(90deg);\n            }\n\n            50% {\n                transform: translateY(0) rotate(180deg);\n            }\n\n            75% {\n                transform: translateY(-10px) rotate(270deg);\n            }\n        }\n\n        body {\n            /* Hero Section Background from home.html */\n            background:\n                radial-gradient(ellipse at center, rgba(34, 139, 34, 0.05) 0%, transparent 70%),\n                linear-gradient(180deg, var(--bg) 0%, rgba(34, 139, 34, 0.02) 100%);\n            color: var(--fg);\n            font-family: \'Inter\', -apple-system, BlinkMacSystemFont, sans-serif;\n            display: flex;\n            align-items: center;\n            justify-content: center;\n            position: relative;\n            margin: 0;\n            padding: 0;\n        }\n\n        /* Cricket Field Pattern (adapted from .hero-section::before) */\n        body::before {\n            content: \'\';\n            position: absolute;\n            top: 50%;\n            left: 50%;\n            transform: translate(-50%, -50%);\n            width: 100%;\n            height: 100%;\n            background:\n                repeating-linear-gradient(90deg, transparent, transparent 49px, rgba(34, 139, 34, 0.03) 49px, rgba(34, 139, 34, 0.03) 50px),\n                repeating-linear-gradient(0deg, transparent, transparent 49px, rgba(34, 139, 34, 0.03) 49px, rgba(34, 139, 34, 0.03) 50px);\n            animation: stadiumPulse 8s ease-in-out infinite;\n            z-index: 0;\n            opacity: 0.5;\n            pointer-events: none;\n        }\n\n        /* Cricket Ball Decoration (from home.html) */\n        .cricket-ball {\n            position: absolute;\n            top: 10%;\n            right: 5%;\n            width: 60px;\n            height: 60px;\n            background: radial-gradient(circle at 30% 30%, #DC143C, #8B0000);\n            border-radius: 50%;\n            box-shadow:\n                inset -5px -5px 10px rgba(0, 0, 0, 0.3),\n                0 5px 20px rgba(220, 20, 60, 0.2);\n            animation: ballBounce 6s ease-in-out infinite;\n            z-index: 1;\n            opacity: 0.15;\n            pointer-events: none;\n        }\n\n        .cricket-ball::before,\n        .cricket-ball::after {\n            content: \'\';\n            position: absolute;\n            width: 2px;\n            height: 100%;\n            background: rgba(255, 255, 255, 0.3);\n            left: 50%;\n            transform: translateX(-50%);\n        }\n\n        .cricket-ball::before {\n            transform: translateX(-50%) rotate(20deg);\n        }\n\n        .cricket-ball::after {\n            transform: translateX(-50%) rotate(-20deg);\n        }\n\n        /* Stumps Decoration (from home.html) */\n        .stumps-left,\n        .stumps-right {\n            position: absolute;\n            bottom: 20%;\n            width: 4px;\n            height: 80px;\n            background: linear-gradient(180deg, #8B4513, #654321);\n            opacity: 0.08;\n            z-index: 1;\n            pointer-events: none;\n        }\n\n        .stumps-left {\n            left: 8%;\n            transform: rotate(-5deg);\n        }\n\n        .stumps-right {\n            right: 8%;\n            transform: rotate(5deg);\n        }\n\n        .stumps-left::before,\n        .stumps-left::after,\n        .stumps-right::before,\n        .stumps-right::after {\n            content: \'\';\n            position: absolute;\n            width: 4px;\n            height: 100%;\n            background: linear-gradient(180deg, #8B4513, #654321);\n        }\n\n        .stumps-left::before,\n        .stumps-right::before {\n            left: 12px;\n        }\n\n        .stumps-left::after,\n        .stumps-right::after {\n            left: 24px;\n        }\n\n        /* Theme Toggle */\n        .theme-controls {\n            position: fixed;\n            top: 2rem;\n            right: 2rem;\n            display: flex;\n            gap: 1rem;\n            z-index: 1000;\n        }\n\n        .theme-toggle {\n            background: var(--card-bg);\n            border: 1px solid var(--card-border);\n            border-radius: 50%;\n            width: 50px;\n            height: 50px;\n            cursor: pointer;\n            font-size: 1.25rem;\n            color: var(--fg);\n            transition: var(--transition);\n            display: flex;\n            align-items: center;\n            justify-content: center;\n            box-shadow: 0 4px 12px var(--shadow);\n            backdrop-filter: blur(10px);\n            -webkit-backdrop-filter: blur(10px);\n        }\n\n        .theme-toggle:hover {\n            transform: scale(1.1);\n            box-shadow: 0 8px 25px var(--shadow-strong);\n            color: var(--accent);\n            border-color: var(--accent);\n        }\n\n        /* Main Container */\n        .auth-container {\n            width: 100%;\n            max-width: 450px;\n            z-index: 10;\n            position: relative;\n            padding: 0 1rem;\n        }\n\n        /* Logo Section */\n        .logo-section {\n            text-align: center;\n            margin-bottom: 2.5rem;\n        }\n\n        .logo {\n            font-size: 2.8rem;\n            font-weight: 700;\n            color: var(--fg);\n            margin-bottom: 1rem;\n            display: flex;\n            align-items: center;\n            justify-content: center;\n            gap: 0.75rem;\n            text-shadow: 0 2px 8px var(--shadow);\n        }\n\n        .logo-icon {\n            font-size: 3.2rem;\n            background: var(--gradient);\n            /* Using gradient from layout */\n            -webkit-background-clip: text;\n            background-clip: text;\n            color: transparent;\n            animation: bounce 2s ease-in-out infinite;\n        }\n\n        .logo-text {\n            background: var(--gradient);\n            -webkit-background-clip: text;\n            background-clip: text;\n            color: transparent;\n        }\n\n        @keyframes bounce {\n\n            0%,\n            20%,\n            50%,\n            80%,\n            100% {\n                transform: translateY(0);\n            }\n\n            40% {\n                transform: translateY(-10px);\n            }\n\n            60% {\n                transform: translateY(-5px);\n            }\n        }\n\n        /* Login Card - Matched to dashboard-card style */\n        .login-card {\n            background: var(--card-bg);\n            border: 2px solid var(--card-border);\n            /* Thicker border like dashboard */\n            border-radius: 24px;\n            /* More rounded */\n            padding: 2.5rem;\n            box-shadow: 0 20px 60px var(--shadow-strong);\n            position: relative;\n            overflow: hidden;\n            width: 100%;\n            transition: all 0.4s cubic-bezier(0.4, 0, 0.2, 1);\n        }\n\n        /* Pitch Stripe Effect on Card */\n        .login-card::before {\n            content: \'\';\n            position: absolute;\n            top: 0;\n            left: 0;\n            width: 100%;\n            height: 6px;\n            background: repeating-linear-gradient(90deg,\n                    var(--accent) 0px,\n                    var(--accent) 20px,\n                    transparent 20px,\n                    transparent 40px);\n            opacity: 0.1;\n            /* Subtle always visible */\n        }\n\n        .card-header {\n            text-align: center;\n            margin-bottom: 1.8rem;\n        }\n\n        .card-title {\n            font-size: 1.8rem;\n            font-weight: 700;\n            color: var(--fg);\n            margin-bottom: 0.6rem;\n            letter-spacing: -0.01em;\n        }\n\n        .card-subtitle {\n            color: var(--fg-secondary);\n            font-size: 0.95rem;\n            line-height: 1.4;\n        }\n\n        /* Flash Messages */\n        .flash-messages {\n            margin-bottom: 1.5rem;\n        }\n\n        .alert {\n            padding: 1rem 1.25rem;\n            border-radius: 12px;\n            margin-bottom: 1rem;\n            font-size: 0.875rem;\n            font-weight: 500;\n            display: flex;\n            align-items: center;\n            gap: 0.75rem;\n            animation: slideInDown 0.3s ease-out;\n        }\n\n        @keyframes slideInDown {\n            from {\n                opacity: 0;\n                transform: translateY(-20px);\n            }\n\n            to {\n                opacity: 1;\n                transform: translateY(0);\n            }\n        }\n\n        .alert-success {\n            background: rgba(16, 185, 129, 0.15);\n            color: var(--success);\n            border: 1px solid rgba(16, 185, 129, 0.3);\n        }\n\n        .alert-danger {\n            background: rgba(239, 68, 68, 0.15);\n            color: var(--danger);\n            border: 1px solid rgba(239, 68, 68, 0.3);\n        }\n\n        /* Form Styles */\n        .login-form {\n            display: flex;\n            flex-direction: column;\n            gap: 1.3rem;\n        }\n\n        .form-group {\n            position: relative;\n        }\n\n        .form-label {\n            display: block;\n            font-size: 0.9rem;\n            font-weight: 600;\n            /* Bolder label */\n            color: var(--fg);\n            margin-bottom: 0.6rem;\n        }\n\n        .form-input {\n            width: 100%;\n            padding: 1rem 1.2rem;\n            padding-left: 3.2rem;\n            border: 2px solid var(--card-border);\n            /* Matches card border */\n            border-radius: 12px;\n            background: var(--bg-secondary);\n            color: var(--fg);\n            font-size: 1rem;\n            transition: var(--transition);\n            font-family: inherit;\n            height: 52px;\n        }\n\n        .form-input:focus {\n            outline: none;\n            border-color: var(--accent);\n            box-shadow: 0 0 0 4px var(--accent-light);\n            background: var(--card-bg);\n        }\n\n        .form-input::placeholder {\n            color: var(--fg-secondary);\n        }\n\n        .input-icon {\n            position: absolute;\n            left: 1.2rem;\n            top: 50%;\n            transform: translateY(-50%);\n            color: var(--fg-secondary);\n            font-size: 1.1rem;\n            pointer-events: none;\n            transition: var(--transition);\n        }\n\n        .form-group:focus-within .input-icon {\n            color: var(--accent);\n        }\n\n        /* Submit Button */\n        .submit-btn {\n            width: 100%;\n            padding: 1.1rem;\n            border: none;\n            border-radius: 12px;\n            background: var(--gradient);\n            /* Use gradient */\n            color: white;\n            font-size: 1.05rem;\n            font-weight: 600;\n            cursor: pointer;\n            transition: var(--transition);\n            position: relative;\n            overflow: hidden;\n            margin-top: 0.7rem;\n            height: 54px;\n            display: flex;\n            align-items: center;\n            justify-content: center;\n            box-shadow: 0 4px 6px -1px rgba(0, 0, 0, 0.1), 0 2px 4px -1px rgba(0, 0, 0, 0.06);\n        }\n\n        .submit-btn:hover {\n            transform: translateY(-2px);\n            box-shadow: 0 10px 15px -3px rgba(0, 0, 0, 0.1), 0 4px 6px -2px rgba(0, 0, 0, 0.05);\n            opacity: 0.95;\n        }\n\n        .submit-btn:active {\n            transform: translateY(0);\n        }\n\n        /* Footer Links */\n        .auth-footer {\n            text-align: center;\n            margin-top: 1.8rem;\n            padding-top: 1.5rem;\n            border-top: 1px solid var(--card-border);\n        }\n\n        .auth-footer p {\n            font-size: 0.95rem;\n            color: var(--fg-secondary);\n        }\n\n        .auth-link {\n            color: var(--accent);\n            /* In dark mode accent is blue, in light it\'s dark grey */\n            text-decoration: none;\n            font-weight: 600;\n            transition: var(--transition);\n        }\n\n        .auth-link:hover {\n            text-decoration: underline;\n            color: var(--accent-hover);\n        }\n\n        /* Loading State */\n        .loading {\n            pointer-events: none;\n            opacity: 0.7;\n        }\n\n        /* Responsive */\n        @media (max-width: 600px) {\n            .auth-container {\n                max-width: 90%;\n            }\n\n            .login-card {\n                padding: 2rem;\n            }\n\n            .logo {\n                font-size: 2.2rem;\n            }\n\n            .logo-icon {\n                font-size: 2.6rem;\n            }\n\n            .cricket-ball {\n                width: 40px;\n                height: 40px;\n                top: 5%;\n            }\n        }\n    </style>\n</head>\n\n<body>\n    <!-- Theme Controls -->\n    <div class="theme-controls">\n        <button class="theme-toggle" id="theme-toggle" title="Toggle Theme">\n            <i class="fas fa-moon"></i>\n        </button>\n    </div>\n\n    <!-- Decorative Elements (Home Theme) -->\n    <div class="cricket-ball"></div>\n    <div class="stumps-left"></div>\n    <div class="stumps-right"></div>\n\n    <!-- Main Container -->\n    <div class="auth-container">\n        <!-- Logo Section -->\n        <div class="logo-section">\n            <div class="logo">\n                <i class="fa-solid fa-baseball-ball logo-icon"></i>\n                <!-- Changed to baseball-ball to match home icon class -->\n                <span class="logo-text">SimCricketX</span>\n            </div>\n        </div>\n\n        <!-- Login Card -->\n        <div class="login-card">\n            <div class="card-header">\n                <h1 class="card-title">Welcome Back</h1>\n                <p class="card-subtitle">Sign in to continue your cricket journey</p>\n            </div>\n\n            <!-- Error Messages -->\n            \n\n            <!-- Login Form -->\n            <form class="login-form" method="POST" action="/login" id="loginForm">\n                <div class="form-group">\n                    <label for="email" class="form-label">Email Address</label>\n                    <div style="position: relative;">\n                        <i class="fa-solid fa-envelope input-icon"></i>\n                        <input type="email" id="email" name="email" class="form-input" placeholder="Enter your email"\n                            required autofocus>\n                    </div>\n                </div>\n\n                <div class="form-group">\n                    <label for="password" class="form-label">Password</label>\n                    <div style="position: relative;">\n                        <i class="fa-solid fa-lock input-icon"></i>\n                        <input type="password" id="password" name="password" class="form-input"\n                            placeholder="Enter your password" required>\n                    </div>\n                </div>\n\n                <button type="submit" class="submit-btn" id="submitBtn">\n                    <span class="btn-text">Sign In</span>\n                </button>\n            </form>\n\n            <!-- Footer -->\n            <div class="auth-footer">\n                <p>\n                    Don\'t have an account?\n                    <a href="/register" class="auth-link">Create one here</a>\n                </p>\n            </div>\n        </div>\n    </div>\n\n    <script>\n        // Theme Toggle Functionality\n        const toggle = document.getElementById(\'theme-toggle\');\n        const icon = toggle.querySelector(\'i\');\n        const root = document.documentElement;\n\n        // Initialize theme\n        const saved = localStorage.getItem(\'theme\');\n        if (saved) {\n            root.setAttribute(\'data-theme\', saved);\n            updateIcon(saved);\n        } else {\n            updateIcon(\'light\');\n        }\n\n        // Update toggle icon\n        function updateIcon(theme) {\n            icon.className = theme === \'dark\' ? \'fas fa-sun\' : \'fas fa-moon\';\n        }\n\n        // Theme toggle click handler\n        toggle.onclick = () => {\n            const currentTheme = root.getAttribute(\'data-theme\') || \'light\';\n            const newTheme = currentTheme === \'dark\' ? \'light\' : \'dark\';\n            root.setAttribute(\'data-theme\', newTheme);\n            localStorage.setItem(\'theme\', newTheme);\n            updateIcon(newTheme);\n        };\n\n        // Form Enhancement\n        const loginForm = document.getElementById(\'loginForm\');\n        const submitBtn = document.getElementById(\'submitBtn\');\n\n        // Add loading state on form submit\n        if (loginForm) {\n            loginForm.addEventListener(\'submit\', function (e) {\n                submitBtn.innerHTML = \'<i class="fa-solid fa-spinner fa-spin"></i> Signing In...\';\n                submitBtn.disabled = true;\n                submitBtn.style.opacity = \'0.8\';\n                document.body.classList.add(\'loading\');\n            });\n        }\n\n        // Input focus effects\n        document.querySelectorAll(\'.form-input\').forEach(input => {\n            input.addEventListener(\'focus\', function () {\n                this.parentElement.querySelector(\'.input-icon\').style.color = \'var(--accent)\';\n            });\n\n            input.addEventListener(\'blur\', function () {\n                this.parentElement.querySelector(\'.input-icon\').style.color = \'var(--fg-secondary)\';\n            });\n        });\n\n        // Auto-dismiss flash messages after 5 seconds\n        window.addEventListener(\'DOMContentLoaded\', () => {\n            setTimeout(() => {\n                document.querySelectorAll(\'.alert\').forEach(el => {\n                    el.style.transition = \'opacity 0.3s, transform 0.3s\';\n                    el.style.opacity = \'0\';\n                    el.style.transform = \'translateY(-20px)\';\n                    setTimeout(() => el.remove(), 300);\n                });\n            }, 5000);\n        });\n    </script>\n</body>\n\n</html>'
Γ¥î Team DK not found in DB
Testing with 12 players...
Γ¥î Team VT not found in DB
F
======================================================================
FAIL: test_create_draft_team (__main__.TestDraftFeature)
----------------------------------------------------------------------
Traceback (most recent call last):
  File "D:\SimCricketX\tests\test_draft.py", line 72, in test_create_draft_team
    self.assertIsNotNone(team)
AssertionError: unexpectedly None

======================================================================
FAIL: test_publish_validation (__main__.TestDraftFeature)
----------------------------------------------------------------------
Traceback (most recent call last):
  File "D:\SimCricketX\tests\test_draft.py", line 100, in test_publish_validation
    self.assertIn(b"You must enter between 12 and 25 players", resp.data)
AssertionError: b'You must enter between 12 and 25 players' not found in b'<!DOCTYPE html>\n<html 
lang="en">\n\n<head>\n    <script>\n        // Login page has independent theme system - don\'t inherit from 
localStorage\n    </script>\n\n    <meta charset="UTF-8">\n    <title>SimCricketX - Login</title>\n    <meta 
name="viewport" content="width=device-width, initial-scale=1">\n\n    <!-- Modern CSS Reset -->\n    <link 
rel="stylesheet" href="https://unpkg.com/modern-css-reset/dist/reset.min.css" />\n\n    <!-- Font Awesome for Icons 
-->\n    <link rel="stylesheet" href="https://cdnjs.cloudflare.com/ajax/libs/font-awesome/6.5.2/css/all.min.css">\n\n  
  <!-- Google Fonts -->\n    <link\n        href="https://fonts.googleapis.com/css2?family=Inter:wght@300;400;500;600;7
00&family=JetBrains+Mono:wght@400;500&display=swap"\n        rel="stylesheet">\n\n    <style>\n        :root {\n       
     /* Light Theme - Minimalistic (from layout.html) */\n            --bg: #ffffff;\n            --bg-secondary: 
#f8f9fa;\n            --fg: #1a1a1a;\n            --fg-secondary: #666666;\n            --card-bg: #ffffff;\n          
  --card-border: #e2e4e8;\n            --accent: #24292f;\n            /* Very dark grey almost black for minimal look 
*/\n            --accent-hover: #000000;\n            --accent-light: #f3f4f6;\n            --shadow: rgba(0, 0, 0, 
0.05);\n            --shadow-strong: 0 4px 12px rgba(0, 0, 0, 0.08);\n            /* Mapped to shadow-lg */\n          
  --nav-height: 64px;\n            --border-radius: 8px;\n            --transition: all 0.2s ease;\n            
--gradient: linear-gradient(135deg, #24292f 0%, #4a5568 100%);\n\n            /* Status colors (kept from original 
login) */\n            --success: #10b981;\n            --warning: #f59e0b;\n            --danger: #ef4444;\n\n        
    /* Login specific mappings */\n            --bg-primary: var(--bg);\n            --bg-secondary: 
var(--bg-secondary);\n            --fg-primary: var(--fg);\n        }\n\n        [data-theme="dark"] {\n            /* 
Dark Theme - VS Code One Dark Pro */\n            --bg: #282c34;\n            --bg-secondary: #21252b;\n            
--fg: #abb2bf;\n            --fg-secondary: #5c6370;\n            --card-bg: #21252b;\n            --card-border: 
#3e4451;\n            --accent: #61afef;\n            --accent-hover: #528bcc;\n            --accent-light: rgba(97, 
175, 239, 0.15);\n            --shadow: rgba(0, 0, 0, 0.3);\n            --shadow-strong: 0 20px 40px rgba(0, 0, 0, 
0.4), 0 0 60px rgba(97, 175, 239, 0.1);\n            --gradient: linear-gradient(135deg, #61afef 0%, #c678dd 
100%);\n\n            /* One Dark Pro Extended Palette */\n            --one-dark-red: #e06c75;\n            
--one-dark-green: #98c379;\n            --one-dark-yellow: #e5c07b;\n            --one-dark-blue: #61afef;\n           
 --one-dark-purple: #c678dd;\n            --one-dark-cyan: #56b6c2;\n            --one-dark-orange: #d19a66;\n        
}\n\n        * {\n            box-sizing: border-box;\n        }\n\n        html,\n        body {\n            height: 
100%;\n            overflow: hidden;\n        }\n\n        /* Animations from home.html */\n        @keyframes 
stadiumPulse {\n\n            0%,\n            100% {\n                opacity: 0.03;\n                transform: 
scale(1);\n            }\n\n            50% {\n                opacity: 0.06;\n                transform: 
scale(1.02);\n            }\n        }\n\n        @keyframes ballBounce {\n\n            0%,\n            100% {\n     
           transform: translateY(0) rotate(0deg);\n            }\n\n            25% {\n                transform: 
translateY(-20px) rotate(90deg);\n            }\n\n            50% {\n                transform: translateY(0) 
rotate(180deg);\n            }\n\n            75% {\n                transform: translateY(-10px) rotate(270deg);\n    
        }\n        }\n\n        body {\n            /* Hero Section Background from home.html */\n            
background:\n                radial-gradient(ellipse at center, rgba(34, 139, 34, 0.05) 0%, transparent 70%),\n        
        linear-gradient(180deg, var(--bg) 0%, rgba(34, 139, 34, 0.02) 100%);\n            color: var(--fg);\n          
  font-family: \'Inter\', -apple-system, BlinkMacSystemFont, sans-serif;\n            display: flex;\n            
align-items: center;\n            justify-content: center;\n            position: relative;\n            margin: 0;\n  
          padding: 0;\n        }\n\n        /* Cricket Field Pattern (adapted from .hero-section::before) */\n        
body::before {\n            content: \'\';\n            position: absolute;\n            top: 50%;\n            left: 
50%;\n            transform: translate(-50%, -50%);\n            width: 100%;\n            height: 100%;\n            
background:\n                repeating-linear-gradient(90deg, transparent, transparent 49px, rgba(34, 139, 34, 0.03) 
49px, rgba(34, 139, 34, 0.03) 50px),\n                repeating-linear-gradient(0deg, transparent, transparent 49px, 
rgba(34, 139, 34, 0.03) 49px, rgba(34, 139, 34, 0.03) 50px);\n            animation: stadiumPulse 8s ease-in-out 
infinite;\n            z-index: 0;\n            opacity: 0.5;\n            pointer-events: none;\n        }\n\n        
/* Cricket Ball Decoration (from home.html) */\n        .cricket-ball {\n            position: absolute;\n            
top: 10%;\n            right: 5%;\n            width: 60px;\n            height: 60px;\n            background: 
radial-gradient(circle at 30% 30%, #DC143C, #8B0000);\n            border-radius: 50%;\n            box-shadow:\n      
          inset -5px -5px 10px rgba(0, 0, 0, 0.3),\n                0 5px 20px rgba(220, 20, 60, 0.2);\n            
animation: ballBounce 6s ease-in-out infinite;\n            z-index: 1;\n            opacity: 0.15;\n            
pointer-events: none;\n        }\n\n        .cricket-ball::before,\n        .cricket-ball::after {\n            
content: \'\';\n            position: absolute;\n            width: 2px;\n            height: 100%;\n            
background: rgba(255, 255, 255, 0.3);\n            left: 50%;\n            transform: translateX(-50%);\n        }\n\n 
       .cricket-ball::before {\n            transform: translateX(-50%) rotate(20deg);\n        }\n\n        
.cricket-ball::after {\n            transform: translateX(-50%) rotate(-20deg);\n        }\n\n        /* Stumps 
Decoration (from home.html) */\n        .stumps-left,\n        .stumps-right {\n            position: absolute;\n      
      bottom: 20%;\n            width: 4px;\n            height: 80px;\n            background: 
linear-gradient(180deg, #8B4513, #654321);\n            opacity: 0.08;\n            z-index: 1;\n            
pointer-events: none;\n        }\n\n        .stumps-left {\n            left: 8%;\n            transform: 
rotate(-5deg);\n        }\n\n        .stumps-right {\n            right: 8%;\n            transform: rotate(5deg);\n   
     }\n\n        .stumps-left::before,\n        .stumps-left::after,\n        .stumps-right::before,\n        
.stumps-right::after {\n            content: \'\';\n            position: absolute;\n            width: 4px;\n         
   height: 100%;\n            background: linear-gradient(180deg, #8B4513, #654321);\n        }\n\n        
.stumps-left::before,\n        .stumps-right::before {\n            left: 12px;\n        }\n\n        
.stumps-left::after,\n        .stumps-right::after {\n            left: 24px;\n        }\n\n        /* Theme Toggle 
*/\n        .theme-controls {\n            position: fixed;\n            top: 2rem;\n            right: 2rem;\n        
    display: flex;\n            gap: 1rem;\n            z-index: 1000;\n        }\n\n        .theme-toggle {\n         
   background: var(--card-bg);\n            border: 1px solid var(--card-border);\n            border-radius: 50%;\n   
         width: 50px;\n            height: 50px;\n            cursor: pointer;\n            font-size: 1.25rem;\n      
      color: var(--fg);\n            transition: var(--transition);\n            display: flex;\n            
align-items: center;\n            justify-content: center;\n            box-shadow: 0 4px 12px var(--shadow);\n        
    backdrop-filter: blur(10px);\n            -webkit-backdrop-filter: blur(10px);\n        }\n\n        
.theme-toggle:hover {\n            transform: scale(1.1);\n            box-shadow: 0 8px 25px var(--shadow-strong);\n  
          color: var(--accent);\n            border-color: var(--accent);\n        }\n\n        /* Main Container */\n 
       .auth-container {\n            width: 100%;\n            max-width: 450px;\n            z-index: 10;\n          
  position: relative;\n            padding: 0 1rem;\n        }\n\n        /* Logo Section */\n        .logo-section 
{\n            text-align: center;\n            margin-bottom: 2.5rem;\n        }\n\n        .logo {\n            
font-size: 2.8rem;\n            font-weight: 700;\n            color: var(--fg);\n            margin-bottom: 1rem;\n   
         display: flex;\n            align-items: center;\n            justify-content: center;\n            gap: 
0.75rem;\n            text-shadow: 0 2px 8px var(--shadow);\n        }\n\n        .logo-icon {\n            font-size: 
3.2rem;\n            background: var(--gradient);\n            /* Using gradient from layout */\n            
-webkit-background-clip: text;\n            background-clip: text;\n            color: transparent;\n            
animation: bounce 2s ease-in-out infinite;\n        }\n\n        .logo-text {\n            background: 
var(--gradient);\n            -webkit-background-clip: text;\n            background-clip: text;\n            color: 
transparent;\n        }\n\n        @keyframes bounce {\n\n            0%,\n            20%,\n            50%,\n        
    80%,\n            100% {\n                transform: translateY(0);\n            }\n\n            40% {\n          
      transform: translateY(-10px);\n            }\n\n            60% {\n                transform: 
translateY(-5px);\n            }\n        }\n\n        /* Login Card - Matched to dashboard-card style */\n        
.login-card {\n            background: var(--card-bg);\n            border: 2px solid var(--card-border);\n            
/* Thicker border like dashboard */\n            border-radius: 24px;\n            /* More rounded */\n            
padding: 2.5rem;\n            box-shadow: 0 20px 60px var(--shadow-strong);\n            position: relative;\n         
   overflow: hidden;\n            width: 100%;\n            transition: all 0.4s cubic-bezier(0.4, 0, 0.2, 1);\n       
 }\n\n        /* Pitch Stripe Effect on Card */\n        .login-card::before {\n            content: \'\';\n           
 position: absolute;\n            top: 0;\n            left: 0;\n            width: 100%;\n            height: 6px;\n  
          background: repeating-linear-gradient(90deg,\n                    var(--accent) 0px,\n                    
var(--accent) 20px,\n                    transparent 20px,\n                    transparent 40px);\n            
opacity: 0.1;\n            /* Subtle always visible */\n        }\n\n        .card-header {\n            text-align: 
center;\n            margin-bottom: 1.8rem;\n        }\n\n        .card-title {\n            font-size: 1.8rem;\n      
      font-weight: 700;\n            color: var(--fg);\n            margin-bottom: 0.6rem;\n            
letter-spacing: -0.01em;\n        }\n\n        .card-subtitle {\n            color: var(--fg-secondary);\n            
font-size: 0.95rem;\n            line-height: 1.4;\n        }\n\n        /* Flash Messages */\n        .flash-messages 
{\n            margin-bottom: 1.5rem;\n        }\n\n        .alert {\n            padding: 1rem 1.25rem;\n            
border-radius: 12px;\n            margin-bottom: 1rem;\n            font-size: 0.875rem;\n            font-weight: 
500;\n            display: flex;\n            align-items: center;\n            gap: 0.75rem;\n            animation: 
slideInDown 0.3s ease-out;\n        }\n\n        @keyframes slideInDown {\n            from {\n                
opacity: 0;\n                transform: translateY(-20px);\n            }\n\n            to {\n                
opacity: 1;\n                transform: translateY(0);\n            }\n        }\n\n        .alert-success {\n         
   background: rgba(16, 185, 129, 0.15);\n            color: var(--success);\n            border: 1px solid rgba(16, 
185, 129, 0.3);\n        }\n\n        .alert-danger {\n            background: rgba(239, 68, 68, 0.15);\n            
color: var(--danger);\n            border: 1px solid rgba(239, 68, 68, 0.3);\n        }\n\n        /* Form Styles */\n 
       .login-form {\n            display: flex;\n            flex-direction: column;\n            gap: 1.3rem;\n      
  }\n\n        .form-group {\n            position: relative;\n        }\n\n        .form-label {\n            
display: block;\n            font-size: 0.9rem;\n            font-weight: 600;\n            /* Bolder label */\n       
     color: var(--fg);\n            margin-bottom: 0.6rem;\n        }\n\n        .form-input {\n            width: 
100%;\n            padding: 1rem 1.2rem;\n            padding-left: 3.2rem;\n            border: 2px solid 
var(--card-border);\n            /* Matches card border */\n            border-radius: 12px;\n            background: 
var(--bg-secondary);\n            color: var(--fg);\n            font-size: 1rem;\n            transition: 
var(--transition);\n            font-family: inherit;\n            height: 52px;\n        }\n\n        
.form-input:focus {\n            outline: none;\n            border-color: var(--accent);\n            box-shadow: 0 0 
0 4px var(--accent-light);\n            background: var(--card-bg);\n        }\n\n        .form-input::placeholder {\n 
           color: var(--fg-secondary);\n        }\n\n        .input-icon {\n            position: absolute;\n          
  left: 1.2rem;\n            top: 50%;\n            transform: translateY(-50%);\n            color: 
var(--fg-secondary);\n            font-size: 1.1rem;\n            pointer-events: none;\n            transition: 
var(--transition);\n        }\n\n        .form-group:focus-within .input-icon {\n            color: var(--accent);\n   
     }\n\n        /* Submit Button */\n        .submit-btn {\n            width: 100%;\n            padding: 1.1rem;\n 
           border: none;\n            border-radius: 12px;\n            background: var(--gradient);\n            /* 
Use gradient */\n            color: white;\n            font-size: 1.05rem;\n            font-weight: 600;\n           
 cursor: pointer;\n            transition: var(--transition);\n            position: relative;\n            overflow: 
hidden;\n            margin-top: 0.7rem;\n            height: 54px;\n            display: flex;\n            
align-items: center;\n            justify-content: center;\n            box-shadow: 0 4px 6px -1px rgba(0, 0, 0, 0.1), 
0 2px 4px -1px rgba(0, 0, 0, 0.06);\n        }\n\n        .submit-btn:hover {\n            transform: 
translateY(-2px);\n            box-shadow: 0 10px 15px -3px rgba(0, 0, 0, 0.1), 0 4px 6px -2px rgba(0, 0, 0, 0.05);\n  
          opacity: 0.95;\n        }\n\n        .submit-btn:active {\n            transform: translateY(0);\n        
}\n\n        /* Footer Links */\n        .auth-footer {\n            text-align: center;\n            margin-top: 
1.8rem;\n            padding-top: 1.5rem;\n            border-top: 1px solid var(--card-border);\n        }\n\n        
.auth-footer p {\n            font-size: 0.95rem;\n            color: var(--fg-secondary);\n        }\n\n        
.auth-link {\n            color: var(--accent);\n            /* In dark mode accent is blue, in light it\'s dark grey 
*/\n            text-decoration: none;\n            font-weight: 600;\n            transition: var(--transition);\n    
    }\n\n        .auth-link:hover {\n            text-decoration: underline;\n            color: 
var(--accent-hover);\n        }\n\n        /* Loading State */\n        .loading {\n            pointer-events: 
none;\n            opacity: 0.7;\n        }\n\n        /* Responsive */\n        @media (max-width: 600px) {\n         
   .auth-container {\n                max-width: 90%;\n            }\n\n            .login-card {\n                
padding: 2rem;\n            }\n\n            .logo {\n                font-size: 2.2rem;\n            }\n\n            
.logo-icon {\n                font-size: 2.6rem;\n            }\n\n            .cricket-ball {\n                width: 
40px;\n                height: 40px;\n                top: 5%;\n            }\n        }\n    
</style>\n</head>\n\n<body>\n    <!-- Theme Controls -->\n    <div class="theme-controls">\n        <button 
class="theme-toggle" id="theme-toggle" title="Toggle Theme">\n            <i class="fas fa-moon"></i>\n        
</button>\n    </div>\n\n    <!-- Decorative Elements (Home Theme) -->\n    <div class="cricket-ball"></div>\n    <div 
class="stumps-left"></div>\n    <div class="stumps-right"></div>\n\n    <!-- Main Container -->\n    <div 
class="auth-container">\n        <!-- Logo Section -->\n        <div class="logo-section">\n            <div 
class="logo">\n                <i class="fa-solid fa-baseball-ball logo-icon"></i>\n                <!-- Changed to 
baseball-ball to match home icon class -->\n                <span class="logo-text">SimCricketX</span>\n            
</div>\n        </div>\n\n        <!-- Login Card -->\n        <div class="login-card">\n            <div 
class="card-header">\n                <h1 class="card-title">Welcome Back</h1>\n                <p 
class="card-subtitle">Sign in to continue your cricket journey</p>\n            </div>\n\n            <!-- Error 
Messages -->\n            \n\n            <!-- Login Form -->\n            <form class="login-form" method="POST" 
action="/login" id="loginForm">\n                <div class="form-group">\n                    <label for="email" 
class="form-label">Email Address</label>\n                    <div style="position: relative;">\n                      
  <i class="fa-solid fa-envelope input-icon"></i>\n                        <input type="email" id="email" name="email" 
class="form-input" placeholder="Enter your email"\n                            required autofocus>\n                   
 </div>\n                </div>\n\n                <div class="form-group">\n                    <label for="password" 
class="form-label">Password</label>\n                    <div style="position: relative;">\n                        <i 
class="fa-solid fa-lock input-icon"></i>\n                        <input type="password" id="password" name="password" 
class="form-input"\n                            placeholder="Enter your password" required>\n                    
</div>\n                </div>\n\n                <button type="submit" class="submit-btn" id="submitBtn">\n           
         <span class="btn-text">Sign In</span>\n                </button>\n            </form>\n\n            <!-- 
Footer -->\n            <div class="auth-footer">\n                <p>\n                    Don\'t have an account?\n  
                  <a href="/register" class="auth-link">Create one here</a>\n                </p>\n            
</div>\n        </div>\n    </div>\n\n    <script>\n        // Theme Toggle Functionality\n        const toggle = 
document.getElementById(\'theme-toggle\');\n        const icon = toggle.querySelector(\'i\');\n        const root = 
document.documentElement;\n\n        // Initialize theme\n        const saved = localStorage.getItem(\'theme\');\n     
   if (saved) {\n            root.setAttribute(\'data-theme\', saved);\n            updateIcon(saved);\n        } else 
{\n            updateIcon(\'light\');\n        }\n\n        // Update toggle icon\n        function updateIcon(theme) 
{\n            icon.className = theme === \'dark\' ? \'fas fa-sun\' : \'fas fa-moon\';\n        }\n\n        // Theme 
toggle click handler\n        toggle.onclick = () => {\n            const currentTheme = 
root.getAttribute(\'data-theme\') || \'light\';\n            const newTheme = currentTheme === \'dark\' ? \'light\' : 
\'dark\';\n            root.setAttribute(\'data-theme\', newTheme);\n            localStorage.setItem(\'theme\', 
newTheme);\n            updateIcon(newTheme);\n        };\n\n        // Form Enhancement\n        const loginForm = 
document.getElementById(\'loginForm\');\n        const submitBtn = document.getElementById(\'submitBtn\');\n\n        
// Add loading state on form submit\n        if (loginForm) {\n            loginForm.addEventListener(\'submit\', 
function (e) {\n                submitBtn.innerHTML = \'<i class="fa-solid fa-spinner fa-spin"></i> Signing In...\';\n 
               submitBtn.disabled = true;\n                submitBtn.style.opacity = \'0.8\';\n                
document.body.classList.add(\'loading\');\n            });\n        }\n\n        // Input focus effects\n        
document.querySelectorAll(\'.form-input\').forEach(input => {\n            input.addEventListener(\'focus\', function 
() {\n                this.parentElement.querySelector(\'.input-icon\').style.color = \'var(--accent)\';\n            
});\n\n            input.addEventListener(\'blur\', function () {\n                
this.parentElement.querySelector(\'.input-icon\').style.color = \'var(--fg-secondary)\';\n            });\n        
});\n\n        // Auto-dismiss flash messages after 5 seconds\n        window.addEventListener(\'DOMContentLoaded\', 
() => {\n            setTimeout(() => {\n                document.querySelectorAll(\'.alert\').forEach(el => {\n       
             el.style.transition = \'opacity 0.3s, transform 0.3s\';\n                    el.style.opacity = \'0\';\n  
                  el.style.transform = \'translateY(-20px)\';\n                    setTimeout(() => el.remove(), 
300);\n                });\n            }, 5000);\n        });\n    </script>\n</body>\n\n</html>'

======================================================================
FAIL: test_successful_publish (__main__.TestDraftFeature)
----------------------------------------------------------------------
Traceback (most recent call last):
  File "D:\SimCricketX\tests\test_draft.py", line 140, in test_successful_publish
    self.assertIsNotNone(team)
AssertionError: unexpectedly None

----------------------------------------------------------------------
Ran 3 tests in 0.242s

FAILED (failures=3)
b'<!DOCTYPE html>\n<html lang="en">\n\n<head>\n    <script>\n        // Login page has independent theme system - don\'t inherit from localStorage\n    </script>\n\n    <meta charset="UTF-8">\n    <title>SimCricketX - Login</title>\n    <meta name="viewport" content="width=device-width, initial-scale=1">\n\n    <!-- Modern CSS Reset -->\n    <link rel="stylesheet" href="https://unpkg.com/modern-css-reset/dist/reset.min.css" />\n\n    <!-- Font Awesome for Icons -->\n    <link rel="stylesheet" href="https://cdnjs.cloudflare.com/ajax/libs/font-awesome/6.5.2/css/all.min.css">\n\n    <!-- Google Fonts -->\n    <link\n        href="https://fonts.googleapis.com/css2?family=Inter:wght@300;400;500;600;700&family=JetBrains+Mono:wght@400;500&display=swap"\n        rel="stylesheet">\n\n    <style>\n        :root {\n            /* Light Theme - Minimalistic (from layout.html) */\n            --bg: #ffffff;\n            --bg-secondary: #f8f9fa;\n            --fg: #1a1a1a;\n            --fg-secondary: #666666;\n            --card-bg: #ffffff;\n            --card-border: #e2e4e8;\n            --accent: #24292f;\n            /* Very dark grey almost black for minimal look */\n            --accent-hover: #000000;\n            --accent-light: #f3f4f6;\n            --shadow: rgba(0, 0, 0, 0.05);\n            --shadow-strong: 0 4px 12px rgba(0, 0, 0, 0.08);\n            /* Mapped to shadow-lg */\n            --nav-height: 64px;\n            --border-radius: 8px;\n            --transition: all 0.2s ease;\n            --gradient: linear-gradient(135deg, #24292f 0%, #4a5568 100%);\n\n            /* Status colors (kept from original login) */\n            --success: #10b981;\n            --warning: #f59e0b;\n            --danger: #ef4444;\n\n            /* Login specific mappings */\n            --bg-primary: var(--bg);\n            --bg-secondary: var(--bg-secondary);\n            --fg-primary: var(--fg);\n        }\n\n        [data-theme="dark"] {\n            /* Dark Theme - VS Code One Dark Pro */\n            --bg: #282c34;\n            --bg-secondary: #21252b;\n            --fg: #abb2bf;\n            --fg-secondary: #5c6370;\n            --card-bg: #21252b;\n            --card-border: #3e4451;\n            --accent: #61afef;\n            --accent-hover: #528bcc;\n            --accent-light: rgba(97, 175, 239, 0.15);\n            --shadow: rgba(0, 0, 0, 0.3);\n            --shadow-strong: 0 20px 40px rgba(0, 0, 0, 0.4), 0 0 60px rgba(97, 175, 239, 0.1);\n            --gradient: linear-gradient(135deg, #61afef 0%, #c678dd 100%);\n\n            /* One Dark Pro Extended Palette */\n            --one-dark-red: #e06c75;\n            --one-dark-green: #98c379;\n            --one-dark-yellow: #e5c07b;\n            --one-dark-blue: #61afef;\n            --one-dark-purple: #c678dd;\n            --one-dark-cyan: #56b6c2;\n            --one-dark-orange: #d19a66;\n        }\n\n        * {\n            box-sizing: border-box;\n        }\n\n        html,\n        body {\n            height: 100%;\n            overflow: hidden;\n        }\n\n        /* Animations from home.html */\n        @keyframes stadiumPulse {\n\n            0%,\n            100% {\n                opacity: 0.03;\n                transform: scale(1);\n            }\n\n            50% {\n                opacity: 0.06;\n                transform: scale(1.02);\n            }\n        }\n\n        @keyframes ballBounce {\n\n            0%,\n            100% {\n                transform: translateY(0) rotate(0deg);\n            }\n\n            25% {\n                transform: translateY(-20px) rotate(90deg);\n            }\n\n            50% {\n                transform: translateY(0) rotate(180deg);\n            }\n\n            75% {\n                transform: translateY(-10px) rotate(270deg);\n            }\n        }\n\n        body {\n            /* Hero Section Background from home.html */\n            background:\n                radial-gradient(ellipse at center, rgba(34, 139, 34, 0.05) 0%, transparent 70%),\n                linear-gradient(180deg, var(--bg) 0%, rgba(34, 139, 34, 0.02) 100%);\n            color: var(--fg);\n            font-family: \'Inter\', -apple-system, BlinkMacSystemFont, sans-serif;\n            display: flex;\n            align-items: center;\n            justify-content: center;\n            position: relative;\n            margin: 0;\n            padding: 0;\n        }\n\n        /* Cricket Field Pattern (adapted from .hero-section::before) */\n        body::before {\n            content: \'\';\n            position: absolute;\n            top: 50%;\n            left: 50%;\n            transform: translate(-50%, -50%);\n            width: 100%;\n            height: 100%;\n            background:\n                repeating-linear-gradient(90deg, transparent, transparent 49px, rgba(34, 139, 34, 0.03) 49px, rgba(34, 139, 34, 0.03) 50px),\n                repeating-linear-gradient(0deg, transparent, transparent 49px, rgba(34, 139, 34, 0.03) 49px, rgba(34, 139, 34, 0.03) 50px);\n            animation: stadiumPulse 8s ease-in-out infinite;\n            z-index: 0;\n            opacity: 0.5;\n            pointer-events: none;\n        }\n\n        /* Cricket Ball Decoration (from home.html) */\n        .cricket-ball {\n            position: absolute;\n            top: 10%;\n            right: 5%;\n            width: 60px;\n            height: 60px;\n            background: radial-gradient(circle at 30% 30%, #DC143C, #8B0000);\n            border-radius: 50%;\n            box-shadow:\n                inset -5px -5px 10px rgba(0, 0, 0, 0.3),\n                0 5px 20px rgba(220, 20, 60, 0.2);\n            animation: ballBounce 6s ease-in-out infinite;\n            z-index: 1;\n            opacity: 0.15;\n            pointer-events: none;\n        }\n\n        .cricket-ball::before,\n        .cricket-ball::after {\n            content: \'\';\n            position: absolute;\n            width: 2px;\n            height: 100%;\n            background: rgba(255, 255, 255, 0.3);\n            left: 50%;\n            transform: translateX(-50%);\n        }\n\n        .cricket-ball::before {\n            transform: translateX(-50%) rotate(20deg);\n        }\n\n        .cricket-ball::after {\n            transform: translateX(-50%) rotate(-20deg);\n        }\n\n        /* Stumps Decoration (from home.html) */\n        .stumps-left,\n        .stumps-right {\n            position: absolute;\n            bottom: 20%;\n            width: 4px;\n            height: 80px;\n            background: linear-gradient(180deg, #8B4513, #654321);\n            opacity: 0.08;\n            z-index: 1;\n            pointer-events: none;\n        }\n\n        .stumps-left {\n            left: 8%;\n            transform: rotate(-5deg);\n        }\n\n        .stumps-right {\n            right: 8%;\n            transform: rotate(5deg);\n        }\n\n        .stumps-left::before,\n        .stumps-left::after,\n        .stumps-right::before,\n        .stumps-right::after {\n            content: \'\';\n            position: absolute;\n            width: 4px;\n            height: 100%;\n            background: linear-gradient(180deg, #8B4513, #654321);\n        }\n\n        .stumps-left::before,\n        .stumps-right::before {\n            left: 12px;\n        }\n\n        .stumps-left::after,\n        .stumps-right::after {\n            left: 24px;\n        }\n\n        /* Theme Toggle */\n        .theme-controls {\n            position: fixed;\n            top: 2rem;\n            right: 2rem;\n            display: flex;\n            gap: 1rem;\n            z-index: 1000;\n        }\n\n        .theme-toggle {\n            background: var(--card-bg);\n            border: 1px solid var(--card-border);\n            border-radius: 50%;\n            width: 50px;\n            height: 50px;\n            cursor: pointer;\n            font-size: 1.25rem;\n            color: var(--fg);\n            transition: var(--transition);\n            display: flex;\n            align-items: center;\n            justify-content: center;\n            box-shadow: 0 4px 12px var(--shadow);\n            backdrop-filter: blur(10px);\n            -webkit-backdrop-filter: blur(10px);\n        }\n\n        .theme-toggle:hover {\n            transform: scale(1.1);\n            box-shadow: 0 8px 25px var(--shadow-strong);\n            color: var(--accent);\n            border-color: var(--accent);\n        }\n\n        /* Main Container */\n        .auth-container {\n            width: 100%;\n            max-width: 450px;\n            z-index: 10;\n            position: relative;\n            padding: 0 1rem;\n        }\n\n        /* Logo Section */\n        .logo-section {\n            text-align: center;\n            margin-bottom: 2.5rem;\n        }\n\n        .logo {\n            font-size: 2.8rem;\n            font-weight: 700;\n            color: var(--fg);\n            margin-bottom: 1rem;\n            display: flex;\n            align-items: center;\n            justify-content: center;\n            gap: 0.75rem;\n            text-shadow: 0 2px 8px var(--shadow);\n        }\n\n        .logo-icon {\n            font-size: 3.2rem;\n            background: var(--gradient);\n            /* Using gradient from layout */\n            -webkit-background-clip: text;\n            background-clip: text;\n            color: transparent;\n            animation: bounce 2s ease-in-out infinite;\n        }\n\n        .logo-text {\n            background: var(--gradient);\n            -webkit-background-clip: text;\n            background-clip: text;\n            color: transparent;\n        }\n\n        @keyframes bounce {\n\n            0%,\n            20%,\n            50%,\n            80%,\n            100% {\n                transform: translateY(0);\n            }\n\n            40% {\n                transform: translateY(-10px);\n            }\n\n            60% {\n                transform: translateY(-5px);\n            }\n        }\n\n        /* Login Card - Matched to dashboard-card style */\n        .login-card {\n            background: var(--card-bg);\n            border: 2px solid var(--card-border);\n            /* Thicker border like dashboard */\n            border-radius: 24px;\n            /* More rounded */\n            padding: 2.5rem;\n            box-shadow: 0 20px 60px var(--shadow-strong);\n            position: relative;\n            overflow: hidden;\n            width: 100%;\n            transition: all 0.4s cubic-bezier(0.4, 0, 0.2, 1);\n        }\n\n        /* Pitch Stripe Effect on Card */\n        .login-card::before {\n            content: \'\';\n            position: absolute;\n            top: 0;\n            left: 0;\n            width: 100%;\n            height: 6px;\n            background: repeating-linear-gradient(90deg,\n                    var(--accent) 0px,\n                    var(--accent) 20px,\n                    transparent 20px,\n                    transparent 40px);\n            opacity: 0.1;\n            /* Subtle always visible */\n        }\n\n        .card-header {\n            text-align: center;\n            margin-bottom: 1.8rem;\n        }\n\n        .card-title {\n            font-size: 1.8rem;\n            font-weight: 700;\n            color: var(--fg);\n            margin-bottom: 0.6rem;\n            letter-spacing: -0.01em;\n        }\n\n        .card-subtitle {\n            color: var(--fg-secondary);\n            font-size: 0.95rem;\n            line-height: 1.4;\n        }\n\n        /* Flash Messages */\n        .flash-messages {\n            margin-bottom: 1.5rem;\n        }\n\n        .alert {\n            padding: 1rem 1.25rem;\n            border-radius: 12px;\n            margin-bottom: 1rem;\n            font-size: 0.875rem;\n            font-weight: 500;\n            display: flex;\n            align-items: center;\n            gap: 0.75rem;\n            animation: slideInDown 0.3s ease-out;\n        }\n\n        @keyframes slideInDown {\n            from {\n                opacity: 0;\n                transform: translateY(-20px);\n            }\n\n            to {\n                opacity: 1;\n                transform: translateY(0);\n            }\n        }\n\n        .alert-success {\n            background: rgba(16, 185, 129, 0.15);\n            color: var(--success);\n            border: 1px solid rgba(16, 185, 129, 0.3);\n        }\n\n        .alert-danger {\n            background: rgba(239, 68, 68, 0.15);\n            color: var(--danger);\n            border: 1px solid rgba(239, 68, 68, 0.3);\n        }\n\n        /* Form Styles */\n        .login-form {\n            display: flex;\n            flex-direction: column;\n            gap: 1.3rem;\n        }\n\n        .form-group {\n            position: relative;\n        }\n\n        .form-label {\n            display: block;\n            font-size: 0.9rem;\n            font-weight: 600;\n            /* Bolder label */\n            color: var(--fg);\n            margin-bottom: 0.6rem;\n        }\n\n        .form-input {\n            width: 100%;\n            padding: 1rem 1.2rem;\n            padding-left: 3.2rem;\n            border: 2px solid var(--card-border);\n            /* Matches card border */\n            border-radius: 12px;\n            background: var(--bg-secondary);\n            color: var(--fg);\n            font-size: 1rem;\n            transition: var(--transition);\n            font-family: inherit;\n            height: 52px;\n        }\n\n        .form-input:focus {\n            outline: none;\n            border-color: var(--accent);\n            box-shadow: 0 0 0 4px var(--accent-light);\n            background: var(--card-bg);\n        }\n\n        .form-input::placeholder {\n            color: var(--fg-secondary);\n        }\n\n        .input-icon {\n            position: absolute;\n            left: 1.2rem;\n            top: 50%;\n            transform: translateY(-50%);\n            color: var(--fg-secondary);\n            font-size: 1.1rem;\n            pointer-events: none;\n            transition: var(--transition);\n        }\n\n        .form-group:focus-within .input-icon {\n            color: var(--accent);\n        }\n\n        /* Submit Button */\n        .submit-btn {\n            width: 100%;\n            padding: 1.1rem;\n            border: none;\n            border-radius: 12px;\n            background: var(--gradient);\n            /* Use gradient */\n            color: white;\n            font-size: 1.05rem;\n            font-weight: 600;\n            cursor: pointer;\n            transition: var(--transition);\n            position: relative;\n            overflow: hidden;\n            margin-top: 0.7rem;\n            height: 54px;\n            display: flex;\n            align-items: center;\n            justify-content: center;\n            box-shadow: 0 4px 6px -1px rgba(0, 0, 0, 0.1), 0 2px 4px -1px rgba(0, 0, 0, 0.06);\n        }\n\n        .submit-btn:hover {\n            transform: translateY(-2px);\n            box-shadow: 0 10px 15px -3px rgba(0, 0, 0, 0.1), 0 4px 6px -2px rgba(0, 0, 0, 0.05);\n            opacity: 0.95;\n        }\n\n        .submit-btn:active {\n            transform: translateY(0);\n        }\n\n        /* Footer Links */\n        .auth-footer {\n            text-align: center;\n            margin-top: 1.8rem;\n            padding-top: 1.5rem;\n            border-top: 1px solid var(--card-border);\n        }\n\n        .auth-footer p {\n            font-size: 0.95rem;\n            color: var(--fg-secondary);\n        }\n\n        .auth-link {\n            color: var(--accent);\n            /* In dark mode accent is blue, in light it\'s dark grey */\n            text-decoration: none;\n            font-weight: 600;\n            transition: var(--transition);\n        }\n\n        .auth-link:hover {\n            text-decoration: underline;\n            color: var(--accent-hover);\n        }\n\n        /* Loading State */\n        .loading {\n            pointer-events: none;\n            opacity: 0.7;\n        }\n\n        /* Responsive */\n        @media (max-width: 600px) {\n            .auth-container {\n                max-width: 90%;\n            }\n\n            .login-card {\n                padding: 2rem;\n            }\n\n            .logo {\n                font-size: 2.2rem;\n            }\n\n            .logo-icon {\n                font-size: 2.6rem;\n            }\n\n            .cricket-ball {\n                width: 40px;\n                height: 40px;\n                top: 5%;\n            }\n        }\n    </style>\n</head>\n\n<body>\n    <!-- Theme Controls -->\n    <div class="theme-controls">\n        <button class="theme-toggle" id="theme-toggle" title="Toggle Theme">\n            <i class="fas fa-moon"></i>\n        </button>\n    </div>\n\n    <!-- Decorative Elements (Home Theme) -->\n    <div class="cricket-ball"></div>\n    <div class="stumps-left"></div>\n    <div class="stumps-right"></div>\n\n    <!-- Main Container -->\n    <div class="auth-container">\n        <!-- Logo Section -->\n        <div class="logo-section">\n            <div class="logo">\n                <i class="fa-solid fa-baseball-ball logo-icon"></i>\n                <!-- Changed to baseball-ball to match home icon class -->\n                <span class="logo-text">SimCricketX</span>\n            </div>\n        </div>\n\n        <!-- Login Card -->\n        <div class="login-card">\n            <div class="card-header">\n                <h1 class="card-title">Welcome Back</h1>\n                <p class="card-subtitle">Sign in to continue your cricket journey</p>\n            </div>\n\n            <!-- Error Messages -->\n            \n\n            <!-- Login Form -->\n            <form class="login-form" method="POST" action="/login" id="loginForm">\n                <div class="form-group">\n                    <label for="email" class="form-label">Email Address</label>\n                    <div style="position: relative;">\n                        <i class="fa-solid fa-envelope input-icon"></i>\n                        <input type="email" id="email" name="email" class="form-input" placeholder="Enter your email"\n                            required autofocus>\n                    </div>\n                </div>\n\n                <div class="form-group">\n                    <label for="password" class="form-label">Password</label>\n                    <div style="position: relative;">\n                        <i class="fa-solid fa-lock input-icon"></i>\n                        <input type="password" id="password" name="password" class="form-input"\n                            placeholder="Enter your password" required>\n                    </div>\n                </div>\n\n                <button type="submit" class="submit-btn" id="submitBtn">\n                    <span class="btn-text">Sign In</span>\n                </button>\n            </form>\n\n            <!-- Footer -->\n            <div class="auth-footer">\n                <p>\n                    Don\'t have an account?\n                    <a href="/register" class="auth-link">Create one here</a>\n                </p>\n            </div>\n        </div>\n    </div>\n\n    <script>\n        // Theme Toggle Functionality\n        const toggle = document.getElementById(\'theme-toggle\');\n        const icon = toggle.querySelector(\'i\');\n        const root = document.documentElement;\n\n        // Initialize theme\n        const saved = localStorage.getItem(\'theme\');\n        if (saved) {\n            root.setAttribute(\'data-theme\', saved);\n            updateIcon(saved);\n        } else {\n            updateIcon(\'light\');\n        }\n\n        // Update toggle icon\n        function updateIcon(theme) {\n            icon.className = theme === \'dark\' ? \'fas fa-sun\' : \'fas fa-moon\';\n        }\n\n        // Theme toggle click handler\n        toggle.onclick = () => {\n            const currentTheme = root.getAttribute(\'data-theme\') || \'light\';\n            const newTheme = currentTheme === \'dark\' ? \'light\' : \'dark\';\n            root.setAttribute(\'data-theme\', newTheme);\n            localStorage.setItem(\'theme\', newTheme);\n            updateIcon(newTheme);\n        };\n\n        // Form Enhancement\n        const loginForm = document.getElementById(\'loginForm\');\n        const submitBtn = document.getElementById(\'submitBtn\');\n\n        // Add loading state on form submit\n        if (loginForm) {\n            loginForm.addEventListener(\'submit\', function (e) {\n                submitBtn.innerHTML = \'<i class="fa-solid fa-spinner fa-spin"></i> Signing In...\';\n                submitBtn.disabled = true;\n                submitBtn.style.opacity = \'0.8\';\n                document.body.classList.add(\'loading\');\n            });\n        }\n\n        // Input focus effects\n        document.querySelectorAll(\'.form-input\').forEach(input => {\n            input.addEventListener(\'focus\', function () {\n                this.parentElement.querySelector(\'.input-icon\').style.color = \'var(--accent)\';\n            });\n\n            input.addEventListener(\'blur\', function () {\n                this.parentElement.querySelector(\'.input-icon\').style.color = \'var(--fg-secondary)\';\n            });\n        });\n\n        // Auto-dismiss flash messages after 5 seconds\n        window.addEventListener(\'DOMContentLoaded\', () => {\n            setTimeout(() => {\n                document.querySelectorAll(\'.alert\').forEach(el => {\n                    el.style.transition = \'opacity 0.3s, transform 0.3s\';\n                    el.style.opacity = \'0\';\n                    el.style.transform = \'translateY(-20px)\';\n                    setTimeout(() => el.remove(), 300);\n                });\n            }, 5000);\n        });\n    </script>\n</body>\n\n</html>'
